vite v6.4.1 building for production...
transforming...
✓ 2493 modules transformed.
rendering chunks...
computing gzip size...
dist/bbox.html                                         0.92 kB │ gzip:   0.50 kB
dist/embed.html                                        1.35 kB │ gzip:   0.81 kB
dist/index.html                                        1.99 kB │ gzip:   0.83 kB
dist/assets/gfwV4SpatialPmtilesWorker-BrWGtgaQ.js     41.12 kB
dist/assets/main-UD-3_r52.css                          3.86 kB │ gzip:   1.27 kB
dist/assets/bbox-DgJhuJZO.css                          9.17 kB │ gzip:   2.53 kB
dist/assets/mapbox-gl-V3smlL-h.css                    38.67 kB │ gzip:   5.42 kB
dist/assets/embed-B-YMMjus.css                        69.94 kB │ gzip:  10.11 kB
dist/assets/replayRuntime-iBhmrXX4.js                  6.41 kB │ gzip:   2.81 kB
dist/assets/bbox-bOOtoDjx.js                          17.91 kB │ gzip:   6.79 kB
dist/assets/crosshair-wdNufe4b.js                    197.59 kB │ gzip:  61.63 kB
dist/assets/RailScene-CfImxUV_.js                    511.37 kB │ gzip: 128.99 kB
dist/assets/agent-DwgW6uU6.js                        664.28 kB │ gzip: 170.17 kB
dist/assets/embed-qsUGZmwv.js                      1,111.04 kB │ gzip: 298.06 kB
dist/assets/main-CwF0Kj4_.js                       1,642.44 kB │ gzip: 475.18 kB
dist/assets/mapbox-gl-CkCtMntc.js                  1,680.84 kB │ gzip: 462.05 kB
dist/assets/LegendPanel-kHzpDi11.js                3,416.23 kB │ gzip: 437.19 kB

(!) Some chunks are larger than 500 kB after minification. Consider:
- Using dynamic import() to code-split the application
- Use build.rollupOptions.output.manualChunks to improve chunking: https://rollupjs.org/configuration-options/#output-manualchunks
- Adjust chunk size limit for this warning via build.chunkSizeWarningLimit.
✓ built in 30.04s
